// Jest Snapshot v1, https://goo.gl/fbAQLP

exports[`List.vue matches snapshot 1`] = `
<div>
    <ul>
        <li>
            item 1
        </li>
        <li>
            item 2
        </li>
        <li>
            item 3
        </li>
    </ul>
    0
    <button>Increment</button></div>
`;
